0x80000110
0x80000140
0x80000140
0x80000158
0x80000170
0x80000140
