2147483647
-2147483648
0
23
425
7826
44594
283904
2476268
42767728
242782299
