1 0
2 46
3 -46
4 138
5 -230
6 506
7 -966
8 1978
9 -3910
10 7866
11 -15686
12 31418
13 -62790
14 125626
15 -251206
502401
