2
3
5
7
4
5
4
3
2
1
0
3
4
2
4
0
1
77
1
2
2
3
4
6
5
6
5
